[{"id": 1, "type": "fres", "points": [{"lng": 37.33346293, "id": 1, "lat": -122.06310662, "time": 1518001523}, {"lng": 37.33346293, "id": 1, "lat": -122.06310662, "time": 1518001525}, {"lng": 37.33346293, "id": 1, "lat": -122.06310662, "time": 1518001526}, {"lng": 37.33346293, "id": 1, "lat": -122.06310662, "time": 1518001527}, {"lng": 37.33346293, "id": 1, "lat": -122.06310662, "time": 1518001527}, {"lng": 37.33346293, "id": 1, "lat": -122.06310662, "time": 1518001528}]}, {"id": 2, "type": "stro", "points": [{"lng": 37.33346293, "id": 2, "lat": -122.06310662, "time": 1518001538}, {"lng": 37.33346293, "id": 2, "lat": -122.06310662, "time": 1518001539}, {"lng": 37.33346293, "id": 2, "lat": -122.06310662, "time": 1518001539}, {"lng": 37.33346293, "id": 2, "lat": -122.06310662, "time": 1518001540}, {"lng": 37.33346293, "id": 2, "lat": -122.06310662, "time": 1518001541}]}, {"id": 3, "type": "salt", "points": [{"lng": 37.33346293, "id": 3, "lat": -122.06310662, "time": 1518001550}, {"lng": 37.33346293, "id": 3, "lat": -122.06310662, "time": 1518001551}, {"lng": 37.33346293, "id": 3, "lat": -122.06310662, "time": 1518001551}, {"lng": 37.33346293, "id": 3, "lat": -122.06310662, "time": 1518001552}, {"lng": 37.33346293, "id": 3, "lat": -122.06310662, "time": 1518001552}, {"lng": 37.33346293, "id": 3, "lat": -122.06310662, "time": 1518001553}]}]

